
[00:00:02] [0;34m=== 仓库备份开始 ===[0m
[00:00:02] [0;34m[检查] 前置检查...[0m
[00:00:02] [0;32m[OK] 前置检查通过[0m
[00:00:02] [0;34m[暂存] git add -A[0m
[00:00:02] [0;32m[变更]        8 个文件变更[0m
[00:00:02] [0;32m[提交] 📦 2026-04-06 00:00 自动备份 | +       2新增[0m
[00:00:02] [0;34m[推送] 尝试 1/2...[0m
To https://github.com/OpenOriginBot/OpenOrigin.git
   2ccce3a..a1798ed  main -> auto-backup/liams-Mac-mini.local
[00:00:07] [0;32m[成功] 推送到 auto-backup/liams-Mac-mini.local[0m
[00:00:07] [0;32m=== 备份完成，耗时 5s ===[0m

[06:00:02] [0;34m=== 仓库备份开始 ===[0m
[06:00:02] [0;34m[检查] 前置检查...[0m
[06:00:02] [0;32m[OK] 前置检查通过[0m
[06:00:02] [0;34m[暂存] git add -A[0m
[06:00:02] [0;32m[变更]        4 个文件变更[0m
[06:00:02] [0;32m[提交] 📦 2026-04-06 06:00 自动备份[0m
[06:00:02] [0;34m[推送] 尝试 1/2...[0m
To https://github.com/OpenOriginBot/OpenOrigin.git
   a1798ed..f58298a  main -> auto-backup/liams-Mac-mini.local
[06:00:05] [0;32m[成功] 推送到 auto-backup/liams-Mac-mini.local[0m
[06:00:05] [0;32m=== 备份完成，耗时 3s ===[0m

[12:00:02] [0;34m=== 仓库备份开始 ===[0m
[12:00:02] [0;34m[检查] 前置检查...[0m
[12:00:02] [0;32m[OK] 前置检查通过[0m
[12:00:02] [0;34m[暂存] git add -A[0m
[12:00:02] [0;32m[变更]       42 个文件变更[0m
[12:00:02] [0;32m[提交] 📦 2026-04-06 12:00 自动备份 | +      29新增

变更文件 (      42 个文件)[0m
[12:00:02] [0;34m[推送] 尝试 1/2...[0m
To https://github.com/OpenOriginBot/OpenOrigin.git
   f58298a..f15e253  main -> auto-backup/liams-Mac-mini.local
[12:00:05] [0;32m[成功] 推送到 auto-backup/liams-Mac-mini.local[0m
[12:00:05] [0;32m=== 备份完成，耗时 3s ===[0m

[18:00:01] [0;34m=== 仓库备份开始 ===[0m
[18:00:01] [0;34m[检查] 前置检查...[0m
[18:00:01] [0;32m[OK] 前置检查通过[0m
[18:00:01] [0;34m[暂存] git add -A[0m
