
[00:00:01] [0;34m=== 仓库备份开始 ===[0m
[00:00:01] [0;34m[检查] 前置检查...[0m
[00:00:01] [0;32m[OK] 前置检查通过[0m
[00:00:01] [0;34m[暂存] git add -A[0m
[00:00:01] [0;32m[变更]        8 个文件变更[0m
[00:00:01] [0;32m[提交] 📦 2026-04-10 00:00 自动备份 | +       2新增[0m
[00:00:01] [0;34m[推送] 尝试 1/2...[0m
To https://github.com/OpenOriginBot/OpenOrigin.git
   bbfb9e8..f03e825  main -> auto-backup/liams-Mac-mini.local
[00:00:05] [0;32m[成功] 推送到 auto-backup/liams-Mac-mini.local[0m
[00:00:05] [0;32m=== 备份完成，耗时 4s ===[0m

[06:00:02] [0;34m=== 仓库备份开始 ===[0m
[06:00:02] [0;34m[检查] 前置检查...[0m
[06:00:02] [0;32m[OK] 前置检查通过[0m
[06:00:02] [0;34m[暂存] git add -A[0m
[06:00:02] [0;32m[变更]        5 个文件变更[0m
[06:00:02] [0;32m[提交] 📦 2026-04-10 06:00 自动备份 | +       1新增[0m
[06:00:02] [0;34m[推送] 尝试 1/2...[0m
To https://github.com/OpenOriginBot/OpenOrigin.git
   f03e825..9d33a56  main -> auto-backup/liams-Mac-mini.local
[06:00:06] [0;32m[成功] 推送到 auto-backup/liams-Mac-mini.local[0m
[06:00:06] [0;32m=== 备份完成，耗时 4s ===[0m

[12:00:01] [0;34m=== 仓库备份开始 ===[0m
[12:00:01] [0;34m[检查] 前置检查...[0m
[12:00:01] [0;32m[OK] 前置检查通过[0m
[12:00:01] [0;34m[暂存] git add -A[0m
[12:00:01] [0;32m[变更]        7 个文件变更[0m
[12:00:01] [0;32m[提交] 📦 2026-04-10 12:00 自动备份 | +       2新增[0m
[12:00:01] [0;34m[推送] 尝试 1/2...[0m
To https://github.com/OpenOriginBot/OpenOrigin.git
   9d33a56..30f610c  main -> auto-backup/liams-Mac-mini.local
[12:00:04] [0;32m[成功] 推送到 auto-backup/liams-Mac-mini.local[0m
[12:00:04] [0;32m=== 备份完成，耗时 3s ===[0m

[18:00:04] [0;34m=== 仓库备份开始 ===[0m
[18:00:04] [0;34m[检查] 前置检查...[0m
[18:00:04] [0;32m[OK] 前置检查通过[0m
[18:00:04] [0;34m[暂存] git add -A[0m
[18:00:05] [0;32m[变更]        3 个文件变更[0m
[18:00:05] [0;32m[提交] 📦 2026-04-10 18:00 自动备份[0m
[18:00:05] [0;34m[推送] 尝试 1/2...[0m
To https://github.com/OpenOriginBot/OpenOrigin.git
   30f610c..a3bb335  main -> auto-backup/liams-Mac-mini.local
[18:00:08] [0;32m[成功] 推送到 auto-backup/liams-Mac-mini.local[0m
[18:00:08] [0;32m=== 备份完成，耗时 4s ===[0m
