
[00:00:00] [0;34m=== 仓库备份开始 ===[0m
[00:00:00] [0;34m[检查] 前置检查...[0m
[00:00:00] [0;32m[OK] 前置检查通过[0m
[00:00:00] [0;34m[暂存] git add -A[0m
[00:00:00] [0;32m[变更]        7 个文件变更[0m
[00:00:00] [0;32m[提交] 📦 2026-04-08 00:00 自动备份 | +       2新增[0m
[00:00:00] [0;34m[推送] 尝试 1/2...[0m
To https://github.com/OpenOriginBot/OpenOrigin.git
   24c477b..20b7d95  main -> auto-backup/liams-Mac-mini.local
[00:00:04] [0;32m[成功] 推送到 auto-backup/liams-Mac-mini.local[0m
[00:00:04] [0;32m=== 备份完成，耗时 4s ===[0m

[06:00:02] [0;34m=== 仓库备份开始 ===[0m
[06:00:02] [0;34m[检查] 前置检查...[0m
[06:00:02] [0;32m[OK] 前置检查通过[0m
[06:00:02] [0;34m[暂存] git add -A[0m
[06:00:02] [0;32m[变更]        3 个文件变更[0m
[06:00:02] [0;32m[提交] 📦 2026-04-08 06:00 自动备份[0m
[06:00:02] [0;34m[推送] 尝试 1/2...[0m
To https://github.com/OpenOriginBot/OpenOrigin.git
   20b7d95..12e35b9  main -> auto-backup/liams-Mac-mini.local
[06:00:05] [0;32m[成功] 推送到 auto-backup/liams-Mac-mini.local[0m
[06:00:05] [0;32m=== 备份完成，耗时 3s ===[0m

[12:00:04] [0;34m=== 仓库备份开始 ===[0m
[12:00:04] [0;34m[检查] 前置检查...[0m
[12:00:04] [0;32m[OK] 前置检查通过[0m
[12:00:04] [0;34m[暂存] git add -A[0m
[12:00:04] [0;32m[变更]        7 个文件变更[0m
[12:00:04] [0;32m[提交] 📦 2026-04-08 12:00 自动备份 | +       2新增[0m
[12:00:04] [0;34m[推送] 尝试 1/2...[0m
To https://github.com/OpenOriginBot/OpenOrigin.git
   12e35b9..1d0ad4a  main -> auto-backup/liams-Mac-mini.local
[12:00:07] [0;32m[成功] 推送到 auto-backup/liams-Mac-mini.local[0m
[12:00:07] [0;32m=== 备份完成，耗时 3s ===[0m

[18:00:00] [0;34m=== 仓库备份开始 ===[0m
[18:00:01] [0;34m[检查] 前置检查...[0m
[18:00:01] [0;32m[OK] 前置检查通过[0m
[18:00:01] [0;34m[暂存] git add -A[0m
[18:00:01] [0;32m[变更]        3 个文件变更[0m
[18:00:01] [0;32m[提交] 📦 2026-04-08 18:00 自动备份[0m
[18:00:01] [0;34m[推送] 尝试 1/2...[0m
To https://github.com/OpenOriginBot/OpenOrigin.git
   1d0ad4a..541977c  main -> auto-backup/liams-Mac-mini.local
[18:00:03] [0;32m[成功] 推送到 auto-backup/liams-Mac-mini.local[0m
[18:00:03] [0;32m=== 备份完成，耗时 3s ===[0m
