[00:00:02] [0;34m=== 仓库备份开始 ===[0m
[00:00:02] [0;34m[检查] 前置检查...[0m
[00:00:02] [0;32m[OK] 前置检查通过[0m
[00:00:02] [0;34m[暂存] git add -A[0m
/Users/liam/.openclaw/workspace/automations/scripts/backup-repo.sh: line 87: [:        0
0: integer expression expected
/Users/liam/.openclaw/workspace/automations/scripts/backup-repo.sh: line 93: [:        0
0: integer expression expected
/Users/liam/.openclaw/workspace/automations/scripts/backup-repo.sh: line 96: [:        0
0: integer expression expected
[00:00:02] [0;32m[变更]        9 个文件变更[0m
[00:00:02] [0;32m[提交] 📦 2026-04-04 00:00 自动备份 | +       6新增[0m
[main 0be3b96] 📦 2026-04-04 00:00 自动备份 | +       6新增
 Committer: liam <liam@liams-Mac-mini.local>
Your name and email address were configured automatically based
on your username and hostname. Please check that they are accurate.
You can suppress this message by setting them explicitly:

    git config --global user.name "Your Name"
    git config --global user.email you@example.com

After doing this, you may fix the identity used for this commit with:

    git commit --amend --reset-author

 9 files changed, 237 insertions(+), 87 deletions(-)
 create mode 100644 automations/logs/backup-20260404.log
 create mode 100644 automations/logs/backup-cron.log
 create mode 100644 automations/logs/docs-cron.log
 create mode 100644 memory/2026-04-03.md
 create mode 100644 memory/briefing-2026-04-03.md
 create mode 100644 projects/OpenOrigin/vercel.json
[00:00:02] [0;34m[推送] 尝试 1/2...[0m
To https://github.com/OpenOriginBot/OpenOrigin.git
   ecf6542..0be3b96  main -> auto-backup/liams-Mac-mini.local
[00:00:07] [0;32m[成功] 推送到 auto-backup/liams-Mac-mini.local[0m
[00:00:07] [0;32m=== 备份完成，耗时 5s ===[0m
[06:00:01] [0;34m=== 仓库备份开始 ===[0m
[06:00:01] [0;34m[检查] 前置检查...[0m
[06:00:01] [0;32m[OK] 前置检查通过[0m
[06:00:01] [0;34m[暂存] git add -A[0m
