
[00:00:02] [0;34m=== 仓库备份开始 ===[0m
[00:00:02] [0;34m[检查] 前置检查...[0m
[00:00:02] [0;32m[OK] 前置检查通过[0m
[00:00:02] [0;34m[暂存] git add -A[0m
[00:00:02] [0;32m[变更]        9 个文件变更[0m
[00:00:02] [0;32m[提交] 📦 2026-04-04 00:00 自动备份 | +       6新增[0m
[00:00:02] [0;34m[推送] 尝试 1/2...[0m
To https://github.com/OpenOriginBot/OpenOrigin.git
   ecf6542..0be3b96  main -> auto-backup/liams-Mac-mini.local
[00:00:07] [0;32m[成功] 推送到 auto-backup/liams-Mac-mini.local[0m
[00:00:07] [0;32m=== 备份完成，耗时 5s ===[0m

[06:00:01] [0;34m=== 仓库备份开始 ===[0m
[06:00:01] [0;34m[检查] 前置检查...[0m
[06:00:01] [0;32m[OK] 前置检查通过[0m
[06:00:01] [0;34m[暂存] git add -A[0m
[06:00:01] [0;32m[变更]        3 个文件变更[0m
[06:00:01] [0;32m[提交] 📦 2026-04-04 06:00 自动备份[0m
[06:00:01] [0;34m[推送] 尝试 1/2...[0m
To https://github.com/OpenOriginBot/OpenOrigin.git
   0be3b96..46c284c  main -> auto-backup/liams-Mac-mini.local
[06:00:05] [0;32m[成功] 推送到 auto-backup/liams-Mac-mini.local[0m
[06:00:05] [0;32m=== 备份完成，耗时 4s ===[0m

[12:00:01] [0;34m=== 仓库备份开始 ===[0m
[12:00:01] [0;34m[检查] 前置检查...[0m
[12:00:01] [0;32m[OK] 前置检查通过[0m
[12:00:01] [0;34m[暂存] git add -A[0m
[12:00:01] [0;32m[变更]        7 个文件变更[0m
[12:00:01] [0;32m[提交] 📦 2026-04-04 12:00 自动备份 | +       3新增[0m
[12:00:01] [0;34m[推送] 尝试 1/2...[0m
To https://github.com/OpenOriginBot/OpenOrigin.git
   46c284c..a830418  main -> auto-backup/liams-Mac-mini.local
[12:00:03] [0;32m[成功] 推送到 auto-backup/liams-Mac-mini.local[0m
[12:00:03] [0;32m=== 备份完成，耗时 2s ===[0m

[18:00:03] [0;34m=== 仓库备份开始 ===[0m
[18:00:03] [0;34m[检查] 前置检查...[0m
[18:00:03] [0;32m[OK] 前置检查通过[0m
[18:00:03] [0;34m[暂存] git add -A[0m
