[02:00:03] [0;34m=== 夜间自我优化开始 ===[0m
[02:00:03] [0;34m[审计] 文档偏差检测...[0m
[02:00:05] [0;32m  完成[0m
[02:00:05] [0;34m[审计] 待办清单整洁度...[0m
[02:00:05] [0;32m  完成[0m
[02:00:05] [0;34m[审计] 失效链接检测...[0m
[02:00:05] [0;32m  无失效链接[0m
[02:00:05] [0;34m[审计] 过期文件检测...[0m
[02:00:06] [0;32m  完成[0m
[02:00:06] [0;34m[审计] 提示词效率检测...[0m
[02:00:06] [0;32m  完成[0m
[02:00:06] [0;34m[修复] 应用低风险修复...[0m
[02:00:06] [0;32m  无需修复[0m
[02:00:06] [0;34m[报告] 生成优化报告...[0m
[02:00:06] [0;32m  报告已保存: /Users/liam/.openclaw/workspace/memory/2026-04-04.md[0m
[02:00:06] [0;32m=== 优化完成，耗时 3s，得分 79/100 ===[0m
[02:00:02] [0;34m=== 夜间自我优化开始 ===[0m
[02:00:02] [0;34m[审计] 文档偏差检测...[0m
[02:00:04] [0;32m  完成[0m
[02:00:04] [0;34m[审计] 待办清单整洁度...[0m
[02:00:04] [0;32m  完成[0m
[02:00:04] [0;34m[审计] 失效链接检测...[0m
[02:00:05] [0;32m  无失效链接[0m
[02:00:05] [0;34m[审计] 过期文件检测...[0m
[02:00:05] [0;32m  完成[0m
[02:00:05] [0;34m[审计] 提示词效率检测...[0m
[02:00:05] [0;32m  完成[0m
[02:00:05] [0;34m[修复] 应用低风险修复...[0m
[02:00:05] [0;32m  无需修复[0m
[02:00:05] [0;34m[报告] 生成优化报告...[0m
[02:00:05] [0;32m  报告已保存: /Users/liam/.openclaw/workspace/memory/2026-04-05.md[0m
[02:00:05] [0;32m=== 优化完成，耗时 3s，得分 51/100 ===[0m
[02:00:02] [0;34m=== 夜间自我优化开始 ===[0m
[02:00:02] [0;34m[审计] 文档偏差检测...[0m
[02:00:04] [0;32m  完成[0m
[02:00:04] [0;34m[审计] 待办清单整洁度...[0m
[02:00:05] [0;32m  完成[0m
[02:00:05] [0;34m[审计] 失效链接检测...[0m
[02:00:05] [0;32m  无失效链接[0m
[02:00:05] [0;34m[审计] 过期文件检测...[0m
[02:00:05] [0;32m  完成[0m
[02:00:05] [0;34m[审计] 提示词效率检测...[0m
[02:00:05] [0;32m  完成[0m
[02:00:05] [0;34m[修复] 应用低风险修复...[0m
[02:00:06] [0;32m  无需修复[0m
[02:00:06] [0;34m[报告] 生成优化报告...[0m
[02:00:06] [0;32m  报告已保存: /Users/liam/.openclaw/workspace/memory/2026-04-06.md[0m
[02:00:06] [0;32m=== 优化完成，耗时 4s，得分 14/100 ===[0m
[02:00:02] [0;34m=== 夜间自我优化开始 ===[0m
[02:00:02] [0;34m[审计] 文档偏差检测...[0m
[02:00:04] [0;32m  完成[0m
[02:00:04] [0;34m[审计] 待办清单整洁度...[0m
[02:00:05] [0;32m  完成[0m
[02:00:05] [0;34m[审计] 失效链接检测...[0m
[02:00:06] [0;32m  无失效链接[0m
[02:00:06] [0;34m[审计] 过期文件检测...[0m
[02:00:06] [0;32m  完成[0m
[02:00:06] [0;34m[审计] 提示词效率检测...[0m
[02:00:06] [0;32m  完成[0m
[02:00:06] [0;34m[修复] 应用低风险修复...[0m
[02:00:06] [0;32m  无需修复[0m
[02:00:06] [0;34m[报告] 生成优化报告...[0m
[02:00:06] [0;32m  报告已保存: /Users/liam/.openclaw/workspace/memory/2026-04-07.md[0m
[02:00:06] [0;32m=== 优化完成，耗时 4s，得分 -38/100 ===[0m
