[2026-03-30 00:00:01] ========== 开始备份任务 ==========
[2026-03-30 00:00:01] ========== 开始备份任务 ==========
[2026-03-30 00:00:02] 暂存变更...
[2026-03-30 00:00:02] 暂存变更...
[2026-03-30 00:00:02] 提交: 📝 [2026-03-30 00:00] 未跟踪 1 个文件
[2026-03-30 00:00:02] 提交: 📝 [2026-03-30 00:00] 未跟踪 1 个文件
[master 8a96ece] 📝 [2026-03-30 00:00] 未跟踪 1 个文件
 3 files changed, 37 insertions(+), 4 deletions(-)
 create mode 100644 scripts/cron/logs/backup-20260330.log
[master 8a96ece] 📝 [2026-03-30 00:00] 未跟踪 1 个文件
 3 files changed, 37 insertions(+), 4 deletions(-)
 create mode 100644 scripts/cron/logs/backup-20260330.log
[2026-03-30 00:00:02] 推送到远程仓库...
[2026-03-30 00:00:02] 推送到远程仓库...
To github.com:OpenOriginBot/OpenOrigin.git
   cc5d174..8a96ece  master -> master
To github.com:OpenOriginBot/OpenOrigin.git
   cc5d174..8a96ece  master -> master
[2026-03-30 00:00:05] ========== 备份完成 ==========
[2026-03-30 00:00:05] ========== 备份完成 ==========
[2026-03-30 06:00:01] ========== 开始备份任务 ==========
[2026-03-30 06:00:01] ========== 开始备份任务 ==========
[2026-03-30 06:00:01] 暂存变更...
[2026-03-30 06:00:01] 暂存变更...
[2026-03-30 06:00:01] 提交: 📝 [2026-03-30 06:00] 未跟踪 1 个文件
[2026-03-30 06:00:01] 提交: 📝 [2026-03-30 06:00] 未跟踪 1 个文件
[master 9bf63a4] 📝 [2026-03-30 06:00] 未跟踪 1 个文件
 2 files changed, 30 insertions(+)
 create mode 100644 scripts/cron/logs/collect-ideas-20260330.log
[master 9bf63a4] 📝 [2026-03-30 06:00] 未跟踪 1 个文件
 2 files changed, 30 insertions(+)
 create mode 100644 scripts/cron/logs/collect-ideas-20260330.log
[2026-03-30 06:00:01] 推送到远程仓库...
[2026-03-30 06:00:01] 推送到远程仓库...
To github.com:OpenOriginBot/OpenOrigin.git
   8a96ece..9bf63a4  master -> master
To github.com:OpenOriginBot/OpenOrigin.git
   8a96ece..9bf63a4  master -> master
[2026-03-30 06:00:04] ========== 备份完成 ==========
[2026-03-30 06:00:04] ========== 备份完成 ==========
[2026-03-30 12:00:01] ========== 开始备份任务 ==========
[2026-03-30 12:00:01] ========== 开始备份任务 ==========
[2026-03-30 12:00:02] 暂存变更...
[2026-03-30 12:00:02] 暂存变更...
