[2026-04-09 00:00:01] ========== 开始备份任务 ==========
[2026-04-09 00:00:01] ========== 开始备份任务 ==========
[2026-04-09 00:00:01] 暂存变更...
[2026-04-09 00:00:01] 暂存变更...
[2026-04-09 00:00:01] 提交: 📝 [2026-04-09 00:00] 未跟踪 1 个文件
[2026-04-09 00:00:01] 提交: 📝 [2026-04-09 00:00] 未跟踪 1 个文件
[master 43b8291] 📝 [2026-04-09 00:00] 未跟踪 1 个文件
 3 files changed, 37 insertions(+), 19 deletions(-)
 create mode 100644 scripts/cron/logs/backup-20260409.log
[master 43b8291] 📝 [2026-04-09 00:00] 未跟踪 1 个文件
 3 files changed, 37 insertions(+), 19 deletions(-)
 create mode 100644 scripts/cron/logs/backup-20260409.log
[2026-04-09 00:00:01] 推送到远程仓库...
[2026-04-09 00:00:01] 推送到远程仓库...
To github.com:OpenOriginBot/OpenOrigin.git
   5c96a64..43b8291  master -> master
To github.com:OpenOriginBot/OpenOrigin.git
   5c96a64..43b8291  master -> master
[2026-04-09 00:00:03] ========== 备份完成 ==========
[2026-04-09 00:00:03] ========== 备份完成 ==========
[2026-04-09 06:00:01] ========== 开始备份任务 ==========
[2026-04-09 06:00:01] ========== 开始备份任务 ==========
[2026-04-09 06:00:01] 暂存变更...
[2026-04-09 06:00:01] 暂存变更...
