[2026-03-31 00:00:01] ========== 开始备份任务 ==========
[2026-03-31 00:00:01] ========== 开始备份任务 ==========
[2026-03-31 00:00:02] 暂存变更...
[2026-03-31 00:00:02] 暂存变更...
[2026-03-31 00:00:02] 提交: 📝 [2026-03-31 00:00] 未跟踪 1 个文件
[2026-03-31 00:00:02] 提交: 📝 [2026-03-31 00:00] 未跟踪 1 个文件
[master c8cda34] 📝 [2026-03-31 00:00] 未跟踪 1 个文件
 3 files changed, 36 insertions(+), 14 deletions(-)
 create mode 100644 scripts/cron/logs/backup-20260331.log
[master c8cda34] 📝 [2026-03-31 00:00] 未跟踪 1 个文件
 3 files changed, 36 insertions(+), 14 deletions(-)
 create mode 100644 scripts/cron/logs/backup-20260331.log
[2026-03-31 00:00:02] 推送到远程仓库...
[2026-03-31 00:00:02] 推送到远程仓库...
To github.com:OpenOriginBot/OpenOrigin.git
   d51d7a0..c8cda34  master -> master
To github.com:OpenOriginBot/OpenOrigin.git
   d51d7a0..c8cda34  master -> master
[2026-03-31 00:00:06] ========== 备份完成 ==========
[2026-03-31 00:00:06] ========== 备份完成 ==========
[2026-03-31 06:00:01] ========== 开始备份任务 ==========
[2026-03-31 06:00:01] ========== 开始备份任务 ==========
[2026-03-31 06:00:01] 暂存变更...
[2026-03-31 06:00:01] 暂存变更...
[2026-03-31 06:00:01] 提交: 📝 [2026-03-31 06:00] 未跟踪 1 个文件
[2026-03-31 06:00:01] 提交: 📝 [2026-03-31 06:00] 未跟踪 1 个文件
[master 5cc0f08] 📝 [2026-03-31 06:00] 未跟踪 1 个文件
 2 files changed, 30 insertions(+)
 create mode 100644 scripts/cron/logs/collect-ideas-20260331.log
[master 5cc0f08] 📝 [2026-03-31 06:00] 未跟踪 1 个文件
 2 files changed, 30 insertions(+)
 create mode 100644 scripts/cron/logs/collect-ideas-20260331.log
[2026-03-31 06:00:01] 推送到远程仓库...
[2026-03-31 06:00:01] 推送到远程仓库...
To github.com:OpenOriginBot/OpenOrigin.git
   c8cda34..5cc0f08  master -> master
To github.com:OpenOriginBot/OpenOrigin.git
   c8cda34..5cc0f08  master -> master
[2026-03-31 06:00:04] ========== 备份完成 ==========
[2026-03-31 06:00:04] ========== 备份完成 ==========
[2026-03-31 12:00:01] ========== 开始备份任务 ==========
[2026-03-31 12:00:01] ========== 开始备份任务 ==========
[2026-03-31 12:00:02] 暂存变更...
[2026-03-31 12:00:02] 暂存变更...
[2026-03-31 12:00:02] 提交: 📝 [2026-03-31 12:00] 未跟踪 3 个文件
[2026-03-31 12:00:02] 提交: 📝 [2026-03-31 12:00] 未跟踪 3 个文件
[master d8ee191] 📝 [2026-03-31 12:00] 未跟踪 3 个文件
 4 files changed, 179 insertions(+)
 create mode 100644 briefings/2026-03-31.md
 create mode 100644 memory/2026-03-31.md
 create mode 100644 "team/meetings/2026-03-31-\346\257\217\346\227\245\345\220\214\346\255\245\344\274\232\350\256\256.md"
[master d8ee191] 📝 [2026-03-31 12:00] 未跟踪 3 个文件
 4 files changed, 179 insertions(+)
 create mode 100644 briefings/2026-03-31.md
 create mode 100644 memory/2026-03-31.md
 create mode 100644 "team/meetings/2026-03-31-\346\257\217\346\227\245\345\220\214\346\255\245\344\274\232\350\256\256.md"
[2026-03-31 12:00:02] 推送到远程仓库...
[2026-03-31 12:00:02] 推送到远程仓库...
To github.com:OpenOriginBot/OpenOrigin.git
   5cc0f08..d8ee191  master -> master
To github.com:OpenOriginBot/OpenOrigin.git
   5cc0f08..d8ee191  master -> master
[2026-03-31 12:00:05] ========== 备份完成 ==========
[2026-03-31 12:00:05] ========== 备份完成 ==========
[2026-03-31 18:00:01] ========== 开始备份任务 ==========
[2026-03-31 18:00:01] ========== 开始备份任务 ==========
[2026-03-31 18:00:02] 暂存变更...
[2026-03-31 18:00:02] 暂存变更...
