[2026-04-05 00:00:01] ========== 开始备份任务 ==========
[2026-04-05 00:00:01] ========== 开始备份任务 ==========
[2026-04-05 00:00:02] 暂存变更...
[2026-04-05 00:00:02] 暂存变更...
[2026-04-05 00:00:02] 提交: 📝 [2026-04-05 00:00] 未跟踪 1 个文件
[2026-04-05 00:00:02] 提交: 📝 [2026-04-05 00:00] 未跟踪 1 个文件
[master 14f570e] 📝 [2026-04-05 00:00] 未跟踪 1 个文件
 3 files changed, 36 insertions(+), 18 deletions(-)
 create mode 100644 scripts/cron/logs/backup-20260405.log
[master 14f570e] 📝 [2026-04-05 00:00] 未跟踪 1 个文件
 3 files changed, 36 insertions(+), 18 deletions(-)
 create mode 100644 scripts/cron/logs/backup-20260405.log
[2026-04-05 00:00:02] 推送到远程仓库...
[2026-04-05 00:00:02] 推送到远程仓库...
To github.com:OpenOriginBot/OpenOrigin.git
   c617f01..14f570e  master -> master
To github.com:OpenOriginBot/OpenOrigin.git
   c617f01..14f570e  master -> master
[2026-04-05 00:00:04] ========== 备份完成 ==========
[2026-04-05 00:00:04] ========== 备份完成 ==========
[2026-04-05 06:00:01] ========== 开始备份任务 ==========
[2026-04-05 06:00:01] ========== 开始备份任务 ==========
[2026-04-05 06:00:02] 暂存变更...
[2026-04-05 06:00:02] 暂存变更...
[2026-04-05 06:00:02] 提交: 📝 [2026-04-05 06:00] 未跟踪 1 个文件
[2026-04-05 06:00:02] 提交: 📝 [2026-04-05 06:00] 未跟踪 1 个文件
[master e3869ef] 📝 [2026-04-05 06:00] 未跟踪 1 个文件
 2 files changed, 26 insertions(+)
 create mode 100644 scripts/cron/logs/collect-ideas-20260405.log
[master e3869ef] 📝 [2026-04-05 06:00] 未跟踪 1 个文件
 2 files changed, 26 insertions(+)
 create mode 100644 scripts/cron/logs/collect-ideas-20260405.log
[2026-04-05 06:00:02] 推送到远程仓库...
[2026-04-05 06:00:02] 推送到远程仓库...
To github.com:OpenOriginBot/OpenOrigin.git
   14f570e..e3869ef  master -> master
To github.com:OpenOriginBot/OpenOrigin.git
   14f570e..e3869ef  master -> master
[2026-04-05 06:00:04] ========== 备份完成 ==========
[2026-04-05 06:00:04] ========== 备份完成 ==========
[2026-04-05 12:00:01] ========== 开始备份任务 ==========
[2026-04-05 12:00:01] ========== 开始备份任务 ==========
[2026-04-05 12:00:02] 暂存变更...
[2026-04-05 12:00:02] 暂存变更...
[2026-04-05 12:00:02] 提交: 📝 [2026-04-05 12:00] 未跟踪 2 个文件
[2026-04-05 12:00:02] 提交: 📝 [2026-04-05 12:00] 未跟踪 2 个文件
[master 5e6664a] 📝 [2026-04-05 12:00] 未跟踪 2 个文件
 4 files changed, 116 insertions(+)
 create mode 100644 briefings/2026-04-05.md
 create mode 100644 memory/2026-04-05.md
[master 5e6664a] 📝 [2026-04-05 12:00] 未跟踪 2 个文件
 4 files changed, 116 insertions(+)
 create mode 100644 briefings/2026-04-05.md
 create mode 100644 memory/2026-04-05.md
[2026-04-05 12:00:02] 推送到远程仓库...
[2026-04-05 12:00:02] 推送到远程仓库...
To github.com:OpenOriginBot/OpenOrigin.git
   e3869ef..5e6664a  master -> master
To github.com:OpenOriginBot/OpenOrigin.git
   e3869ef..5e6664a  master -> master
[2026-04-05 12:00:04] ========== 备份完成 ==========
[2026-04-05 12:00:04] ========== 备份完成 ==========
[2026-04-05 18:00:01] ========== 开始备份任务 ==========
[2026-04-05 18:00:01] ========== 开始备份任务 ==========
[2026-04-05 18:00:01] 暂存变更...
[2026-04-05 18:00:01] 暂存变更...
[2026-04-05 18:00:01] 提交: 📝 [2026-04-05 18:00] 工作区更新
[2026-04-05 18:00:01] 提交: 📝 [2026-04-05 18:00] 工作区更新
[master 00a66da] 📝 [2026-04-05 18:00] 工作区更新
 1 file changed, 22 insertions(+)
[master 00a66da] 📝 [2026-04-05 18:00] 工作区更新
 1 file changed, 22 insertions(+)
[2026-04-05 18:00:01] 推送到远程仓库...
[2026-04-05 18:00:01] 推送到远程仓库...
To github.com:OpenOriginBot/OpenOrigin.git
   5e6664a..00a66da  master -> master
To github.com:OpenOriginBot/OpenOrigin.git
   5e6664a..00a66da  master -> master
[2026-04-05 18:00:04] ========== 备份完成 ==========
[2026-04-05 18:00:04] ========== 备份完成 ==========
