[2026-04-08 00:00:01] ========== 开始备份任务 ==========
[2026-04-08 00:00:01] ========== 开始备份任务 ==========
[2026-04-08 00:00:01] 暂存变更...
[2026-04-08 00:00:01] 暂存变更...
[2026-04-08 00:00:01] 提交: 📝 [2026-04-08 00:00] 未跟踪 1 个文件
[2026-04-08 00:00:01] 提交: 📝 [2026-04-08 00:00] 未跟踪 1 个文件
[master d01bc54] 📝 [2026-04-08 00:00] 未跟踪 1 个文件
 3 files changed, 37 insertions(+), 19 deletions(-)
 create mode 100644 scripts/cron/logs/backup-20260408.log
[master d01bc54] 📝 [2026-04-08 00:00] 未跟踪 1 个文件
 3 files changed, 37 insertions(+), 19 deletions(-)
 create mode 100644 scripts/cron/logs/backup-20260408.log
[2026-04-08 00:00:01] 推送到远程仓库...
[2026-04-08 00:00:01] 推送到远程仓库...
To github.com:OpenOriginBot/OpenOrigin.git
   5985a67..d01bc54  master -> master
To github.com:OpenOriginBot/OpenOrigin.git
   5985a67..d01bc54  master -> master
[2026-04-08 00:00:04] ========== 备份完成 ==========
[2026-04-08 00:00:04] ========== 备份完成 ==========
[2026-04-08 06:00:01] ========== 开始备份任务 ==========
[2026-04-08 06:00:01] ========== 开始备份任务 ==========
[2026-04-08 06:00:01] 暂存变更...
[2026-04-08 06:00:01] 暂存变更...
[2026-04-08 06:00:01] 提交: 📝 [2026-04-08 06:00] 未跟踪 1 个文件
[2026-04-08 06:00:01] 提交: 📝 [2026-04-08 06:00] 未跟踪 1 个文件
[master b2ee2fe] 📝 [2026-04-08 06:00] 未跟踪 1 个文件
 2 files changed, 26 insertions(+)
 create mode 100644 scripts/cron/logs/collect-ideas-20260408.log
[master b2ee2fe] 📝 [2026-04-08 06:00] 未跟踪 1 个文件
 2 files changed, 26 insertions(+)
 create mode 100644 scripts/cron/logs/collect-ideas-20260408.log
[2026-04-08 06:00:01] 推送到远程仓库...
[2026-04-08 06:00:01] 推送到远程仓库...
To github.com:OpenOriginBot/OpenOrigin.git
   d01bc54..b2ee2fe  master -> master
To github.com:OpenOriginBot/OpenOrigin.git
   d01bc54..b2ee2fe  master -> master
[2026-04-08 06:00:04] ========== 备份完成 ==========
[2026-04-08 06:00:04] ========== 备份完成 ==========
[2026-04-08 12:00:01] ========== 开始备份任务 ==========
[2026-04-08 12:00:01] ========== 开始备份任务 ==========
[2026-04-08 12:00:02] 暂存变更...
[2026-04-08 12:00:02] 暂存变更...
[2026-04-08 12:00:02] 提交: 📝 [2026-04-08 12:00] 未跟踪 3 个文件
[2026-04-08 12:00:02] 提交: 📝 [2026-04-08 12:00] 未跟踪 3 个文件
[master d904f37] 📝 [2026-04-08 12:00] 未跟踪 3 个文件
 5 files changed, 185 insertions(+)
 create mode 100644 briefings/2026-04-08.md
 create mode 100644 memory/2026-04-08.md
 create mode 100644 "team/meetings/2026-04-08-\346\257\217\346\227\245\345\220\214\346\255\245\344\274\232\350\256\256.md"
[master d904f37] 📝 [2026-04-08 12:00] 未跟踪 3 个文件
 5 files changed, 185 insertions(+)
 create mode 100644 briefings/2026-04-08.md
 create mode 100644 memory/2026-04-08.md
 create mode 100644 "team/meetings/2026-04-08-\346\257\217\346\227\245\345\220\214\346\255\245\344\274\232\350\256\256.md"
[2026-04-08 12:00:02] 推送到远程仓库...
[2026-04-08 12:00:02] 推送到远程仓库...
To github.com:OpenOriginBot/OpenOrigin.git
   b2ee2fe..d904f37  master -> master
To github.com:OpenOriginBot/OpenOrigin.git
   b2ee2fe..d904f37  master -> master
[2026-04-08 12:00:05] ========== 备份完成 ==========
[2026-04-08 12:00:05] ========== 备份完成 ==========
[2026-04-08 18:00:01] ========== 开始备份任务 ==========
[2026-04-08 18:00:01] ========== 开始备份任务 ==========
[2026-04-08 18:00:01] 暂存变更...
[2026-04-08 18:00:01] 暂存变更...
[2026-04-08 18:00:01] 提交: 📝 [2026-04-08 18:00] 工作区更新
[2026-04-08 18:00:01] 提交: 📝 [2026-04-08 18:00] 工作区更新
[master 5c96a64] 📝 [2026-04-08 18:00] 工作区更新
 1 file changed, 24 insertions(+)
[master 5c96a64] 📝 [2026-04-08 18:00] 工作区更新
 1 file changed, 24 insertions(+)
[2026-04-08 18:00:01] 推送到远程仓库...
[2026-04-08 18:00:01] 推送到远程仓库...
To github.com:OpenOriginBot/OpenOrigin.git
   d904f37..5c96a64  master -> master
To github.com:OpenOriginBot/OpenOrigin.git
   d904f37..5c96a64  master -> master
[2026-04-08 18:00:05] ========== 备份完成 ==========
[2026-04-08 18:00:05] ========== 备份完成 ==========
