[2026-04-02 00:00:01] ========== 开始备份任务 ==========
[2026-04-02 00:00:01] ========== 开始备份任务 ==========
[2026-04-02 00:00:02] 暂存变更...
[2026-04-02 00:00:02] 暂存变更...
[2026-04-02 00:00:02] 提交: 📝 [2026-04-02 00:00] 未跟踪 1 个文件
[2026-04-02 00:00:02] 提交: 📝 [2026-04-02 00:00] 未跟踪 1 个文件
[master b23ee3b] 📝 [2026-04-02 00:00] 未跟踪 1 个文件
 3 files changed, 37 insertions(+), 19 deletions(-)
 create mode 100644 scripts/cron/logs/backup-20260402.log
[master b23ee3b] 📝 [2026-04-02 00:00] 未跟踪 1 个文件
 3 files changed, 37 insertions(+), 19 deletions(-)
 create mode 100644 scripts/cron/logs/backup-20260402.log
[2026-04-02 00:00:02] 推送到远程仓库...
[2026-04-02 00:00:02] 推送到远程仓库...
To github.com:OpenOriginBot/OpenOrigin.git
   30ca23d..b23ee3b  master -> master
To github.com:OpenOriginBot/OpenOrigin.git
   30ca23d..b23ee3b  master -> master
[2026-04-02 00:00:05] ========== 备份完成 ==========
[2026-04-02 00:00:05] ========== 备份完成 ==========
[2026-04-02 06:00:01] ========== 开始备份任务 ==========
[2026-04-02 06:00:01] ========== 开始备份任务 ==========
[2026-04-02 06:00:02] 暂存变更...
[2026-04-02 06:00:02] 暂存变更...
[2026-04-02 06:00:02] 提交: 📝 [2026-04-02 06:00] 未跟踪 1 个文件
[2026-04-02 06:00:02] 提交: 📝 [2026-04-02 06:00] 未跟踪 1 个文件
[master 7883c26] 📝 [2026-04-02 06:00] 未跟踪 1 个文件
 2 files changed, 26 insertions(+)
 create mode 100644 scripts/cron/logs/collect-ideas-20260402.log
[master 7883c26] 📝 [2026-04-02 06:00] 未跟踪 1 个文件
 2 files changed, 26 insertions(+)
 create mode 100644 scripts/cron/logs/collect-ideas-20260402.log
[2026-04-02 06:00:02] 推送到远程仓库...
[2026-04-02 06:00:02] 推送到远程仓库...
To github.com:OpenOriginBot/OpenOrigin.git
   b23ee3b..7883c26  master -> master
To github.com:OpenOriginBot/OpenOrigin.git
   b23ee3b..7883c26  master -> master
[2026-04-02 06:00:05] ========== 备份完成 ==========
[2026-04-02 06:00:05] ========== 备份完成 ==========
[2026-04-02 12:00:02] ========== 开始备份任务 ==========
[2026-04-02 12:00:02] ========== 开始备份任务 ==========
[2026-04-02 12:00:02] 暂存变更...
[2026-04-02 12:00:02] 暂存变更...
