[2026-04-01 00:00:01] ========== 开始备份任务 ==========
[2026-04-01 00:00:01] ========== 开始备份任务 ==========
[2026-04-01 00:00:01] 暂存变更...
[2026-04-01 00:00:01] 暂存变更...
[2026-04-01 00:00:01] 提交: 📝 [2026-04-01 00:00] 未跟踪 1 个文件
[2026-04-01 00:00:01] 提交: 📝 [2026-04-01 00:00] 未跟踪 1 个文件
[master 8640c56] 📝 [2026-04-01 00:00] 未跟踪 1 个文件
 3 files changed, 36 insertions(+), 18 deletions(-)
 create mode 100644 scripts/cron/logs/backup-20260401.log
[master 8640c56] 📝 [2026-04-01 00:00] 未跟踪 1 个文件
 3 files changed, 36 insertions(+), 18 deletions(-)
 create mode 100644 scripts/cron/logs/backup-20260401.log
[2026-04-01 00:00:01] 推送到远程仓库...
[2026-04-01 00:00:01] 推送到远程仓库...
To github.com:OpenOriginBot/OpenOrigin.git
   62f1eaf..8640c56  master -> master
To github.com:OpenOriginBot/OpenOrigin.git
   62f1eaf..8640c56  master -> master
[2026-04-01 00:00:05] ========== 备份完成 ==========
[2026-04-01 00:00:05] ========== 备份完成 ==========
[2026-04-01 06:00:01] ========== 开始备份任务 ==========
[2026-04-01 06:00:01] ========== 开始备份任务 ==========
[2026-04-01 06:00:01] 暂存变更...
[2026-04-01 06:00:01] 暂存变更...
[2026-04-01 06:00:01] 提交: 📝 [2026-04-01 06:00] 未跟踪 1 个文件
[2026-04-01 06:00:01] 提交: 📝 [2026-04-01 06:00] 未跟踪 1 个文件
[master 2364aaf] 📝 [2026-04-01 06:00] 未跟踪 1 个文件
 2 files changed, 30 insertions(+)
 create mode 100644 scripts/cron/logs/collect-ideas-20260401.log
[master 2364aaf] 📝 [2026-04-01 06:00] 未跟踪 1 个文件
 2 files changed, 30 insertions(+)
 create mode 100644 scripts/cron/logs/collect-ideas-20260401.log
[2026-04-01 06:00:01] 推送到远程仓库...
[2026-04-01 06:00:01] 推送到远程仓库...
To github.com:OpenOriginBot/OpenOrigin.git
   8640c56..2364aaf  master -> master
To github.com:OpenOriginBot/OpenOrigin.git
   8640c56..2364aaf  master -> master
[2026-04-01 06:00:05] ========== 备份完成 ==========
[2026-04-01 06:00:05] ========== 备份完成 ==========
[2026-04-01 12:00:01] ========== 开始备份任务 ==========
[2026-04-01 12:00:01] ========== 开始备份任务 ==========
[2026-04-01 12:00:01] 暂存变更...
[2026-04-01 12:00:01] 暂存变更...
[2026-04-01 12:00:02] 提交: 📝 [2026-04-01 12:00] 未跟踪 3 个文件
[2026-04-01 12:00:02] 提交: 📝 [2026-04-01 12:00] 未跟踪 3 个文件
[master 45ff2d0] 📝 [2026-04-01 12:00] 未跟踪 3 个文件
 5 files changed, 228 insertions(+), 3 deletions(-)
 create mode 100644 briefings/2026-04-01.md
 create mode 100644 memory/2026-04-01.md
 create mode 100644 "team/meetings/2026-04-01-\346\257\217\346\227\245\345\220\214\346\255\245\344\274\232\350\256\256.md"
[master 45ff2d0] 📝 [2026-04-01 12:00] 未跟踪 3 个文件
 5 files changed, 228 insertions(+), 3 deletions(-)
 create mode 100644 briefings/2026-04-01.md
 create mode 100644 memory/2026-04-01.md
 create mode 100644 "team/meetings/2026-04-01-\346\257\217\346\227\245\345\220\214\346\255\245\344\274\232\350\256\256.md"
[2026-04-01 12:00:02] 推送到远程仓库...
[2026-04-01 12:00:02] 推送到远程仓库...
To github.com:OpenOriginBot/OpenOrigin.git
   2364aaf..45ff2d0  master -> master
To github.com:OpenOriginBot/OpenOrigin.git
   2364aaf..45ff2d0  master -> master
[2026-04-01 12:00:05] ========== 备份完成 ==========
[2026-04-01 12:00:05] ========== 备份完成 ==========
[2026-04-01 18:00:01] ========== 开始备份任务 ==========
[2026-04-01 18:00:01] ========== 开始备份任务 ==========
[2026-04-01 18:00:01] 暂存变更...
[2026-04-01 18:00:01] 暂存变更...
