[2026-04-03 00:00:01] ========== 开始备份任务 ==========
[2026-04-03 00:00:01] ========== 开始备份任务 ==========
[2026-04-03 00:00:01] 暂存变更...
[2026-04-03 00:00:01] 暂存变更...
[2026-04-03 00:00:01] 提交: 📝 [2026-04-03 00:00] 未跟踪 1 个文件
[2026-04-03 00:00:01] 提交: 📝 [2026-04-03 00:00] 未跟踪 1 个文件
[master d088969] 📝 [2026-04-03 00:00] 未跟踪 1 个文件
 3 files changed, 37 insertions(+), 19 deletions(-)
 create mode 100644 scripts/cron/logs/backup-20260403.log
[master d088969] 📝 [2026-04-03 00:00] 未跟踪 1 个文件
 3 files changed, 37 insertions(+), 19 deletions(-)
 create mode 100644 scripts/cron/logs/backup-20260403.log
[2026-04-03 00:00:02] 推送到远程仓库...
[2026-04-03 00:00:02] 推送到远程仓库...
To github.com:OpenOriginBot/OpenOrigin.git
   8f9173a..d088969  master -> master
To github.com:OpenOriginBot/OpenOrigin.git
   8f9173a..d088969  master -> master
[2026-04-03 00:00:04] ========== 备份完成 ==========
[2026-04-03 00:00:04] ========== 备份完成 ==========
[2026-04-03 06:00:01] ========== 开始备份任务 ==========
[2026-04-03 06:00:01] ========== 开始备份任务 ==========
[2026-04-03 06:00:01] 暂存变更...
[2026-04-03 06:00:01] 暂存变更...
[2026-04-03 06:00:01] 提交: 📝 [2026-04-03 06:00] 未跟踪 1 个文件
[2026-04-03 06:00:01] 提交: 📝 [2026-04-03 06:00] 未跟踪 1 个文件
[master 781acf2] 📝 [2026-04-03 06:00] 未跟踪 1 个文件
 2 files changed, 30 insertions(+)
 create mode 100644 scripts/cron/logs/collect-ideas-20260403.log
[master 781acf2] 📝 [2026-04-03 06:00] 未跟踪 1 个文件
 2 files changed, 30 insertions(+)
 create mode 100644 scripts/cron/logs/collect-ideas-20260403.log
[2026-04-03 06:00:01] 推送到远程仓库...
[2026-04-03 06:00:01] 推送到远程仓库...
To github.com:OpenOriginBot/OpenOrigin.git
   d088969..781acf2  master -> master
To github.com:OpenOriginBot/OpenOrigin.git
   d088969..781acf2  master -> master
[2026-04-03 06:00:04] ========== 备份完成 ==========
[2026-04-03 06:00:04] ========== 备份完成 ==========
[2026-04-03 12:00:01] ========== 开始备份任务 ==========
[2026-04-03 12:00:01] ========== 开始备份任务 ==========
[2026-04-03 12:00:02] 暂存变更...
[2026-04-03 12:00:02] 暂存变更...
