[2026-04-06 00:00:01] ========== 开始备份任务 ==========
[2026-04-06 00:00:01] ========== 开始备份任务 ==========
[2026-04-06 00:00:02] 暂存变更...
[2026-04-06 00:00:02] 暂存变更...
[2026-04-06 00:00:02] 提交: 📝 [2026-04-06 00:00] 未跟踪 1 个文件
[2026-04-06 00:00:02] 提交: 📝 [2026-04-06 00:00] 未跟踪 1 个文件
[master c93a88e] 📝 [2026-04-06 00:00] 未跟踪 1 个文件
 3 files changed, 36 insertions(+), 18 deletions(-)
 create mode 100644 scripts/cron/logs/backup-20260406.log
[master c93a88e] 📝 [2026-04-06 00:00] 未跟踪 1 个文件
 3 files changed, 36 insertions(+), 18 deletions(-)
 create mode 100644 scripts/cron/logs/backup-20260406.log
[2026-04-06 00:00:02] 推送到远程仓库...
[2026-04-06 00:00:02] 推送到远程仓库...
To github.com:OpenOriginBot/OpenOrigin.git
   00a66da..c93a88e  master -> master
To github.com:OpenOriginBot/OpenOrigin.git
   00a66da..c93a88e  master -> master
[2026-04-06 00:00:05] ========== 备份完成 ==========
[2026-04-06 00:00:05] ========== 备份完成 ==========
[2026-04-06 06:00:01] ========== 开始备份任务 ==========
[2026-04-06 06:00:01] ========== 开始备份任务 ==========
[2026-04-06 06:00:01] 暂存变更...
[2026-04-06 06:00:01] 暂存变更...
[2026-04-06 06:00:01] 提交: 📝 [2026-04-06 06:00] 未跟踪 1 个文件
[2026-04-06 06:00:01] 提交: 📝 [2026-04-06 06:00] 未跟踪 1 个文件
[master 0683d29] 📝 [2026-04-06 06:00] 未跟踪 1 个文件
 2 files changed, 25 insertions(+)
 create mode 100644 scripts/cron/logs/collect-ideas-20260406.log
[master 0683d29] 📝 [2026-04-06 06:00] 未跟踪 1 个文件
 2 files changed, 25 insertions(+)
 create mode 100644 scripts/cron/logs/collect-ideas-20260406.log
[2026-04-06 06:00:01] 推送到远程仓库...
[2026-04-06 06:00:01] 推送到远程仓库...
To github.com:OpenOriginBot/OpenOrigin.git
   c93a88e..0683d29  master -> master
To github.com:OpenOriginBot/OpenOrigin.git
   c93a88e..0683d29  master -> master
[2026-04-06 06:00:04] ========== 备份完成 ==========
[2026-04-06 06:00:04] ========== 备份完成 ==========
[2026-04-06 12:00:01] ========== 开始备份任务 ==========
[2026-04-06 12:00:01] ========== 开始备份任务 ==========
[2026-04-06 12:00:01] 暂存变更...
[2026-04-06 12:00:01] 暂存变更...
[2026-04-06 12:00:01] 提交: 📝 [2026-04-06 12:00] 未跟踪 3 个文件
[2026-04-06 12:00:01] 提交: 📝 [2026-04-06 12:00] 未跟踪 3 个文件
[master b52e35c] 📝 [2026-04-06 12:00] 未跟踪 3 个文件
 5 files changed, 202 insertions(+)
 create mode 100644 briefings/2026-04-06.md
 create mode 100644 memory/2026-04-06.md
 create mode 100644 "team/meetings/2026-04-06-\346\257\217\346\227\245\345\220\214\346\255\245\344\274\232\350\256\256.md"
[master b52e35c] 📝 [2026-04-06 12:00] 未跟踪 3 个文件
 5 files changed, 202 insertions(+)
 create mode 100644 briefings/2026-04-06.md
 create mode 100644 memory/2026-04-06.md
 create mode 100644 "team/meetings/2026-04-06-\346\257\217\346\227\245\345\220\214\346\255\245\344\274\232\350\256\256.md"
[2026-04-06 12:00:01] 推送到远程仓库...
[2026-04-06 12:00:01] 推送到远程仓库...
To github.com:OpenOriginBot/OpenOrigin.git
   0683d29..b52e35c  master -> master
To github.com:OpenOriginBot/OpenOrigin.git
   0683d29..b52e35c  master -> master
[2026-04-06 12:00:04] ========== 备份完成 ==========
[2026-04-06 12:00:04] ========== 备份完成 ==========
[2026-04-06 18:00:01] ========== 开始备份任务 ==========
[2026-04-06 18:00:01] ========== 开始备份任务 ==========
[2026-04-06 18:00:01] 暂存变更...
[2026-04-06 18:00:01] 暂存变更...
