[2026-04-04 00:00:01] ========== 开始备份任务 ==========
[2026-04-04 00:00:01] ========== 开始备份任务 ==========
[2026-04-04 00:00:02] 暂存变更...
[2026-04-04 00:00:02] 暂存变更...
[2026-04-04 00:00:02] 提交: 📝 [2026-04-04 00:00] 未跟踪 1 个文件
[2026-04-04 00:00:02] 提交: 📝 [2026-04-04 00:00] 未跟踪 1 个文件
[master 1cdc763] 📝 [2026-04-04 00:00] 未跟踪 1 个文件
 3 files changed, 44 insertions(+), 18 deletions(-)
 create mode 100644 scripts/cron/logs/backup-20260404.log
[master 1cdc763] 📝 [2026-04-04 00:00] 未跟踪 1 个文件
 3 files changed, 44 insertions(+), 18 deletions(-)
 create mode 100644 scripts/cron/logs/backup-20260404.log
[2026-04-04 00:00:02] 推送到远程仓库...
[2026-04-04 00:00:02] 推送到远程仓库...
To github.com:OpenOriginBot/OpenOrigin.git
   944f364..1cdc763  master -> master
To github.com:OpenOriginBot/OpenOrigin.git
   944f364..1cdc763  master -> master
[2026-04-04 00:00:05] ========== 备份完成 ==========
[2026-04-04 00:00:05] ========== 备份完成 ==========
[2026-04-04 06:00:02] ========== 开始备份任务 ==========
[2026-04-04 06:00:02] ========== 开始备份任务 ==========
[2026-04-04 06:00:02] 暂存变更...
[2026-04-04 06:00:02] 暂存变更...
[2026-04-04 06:00:02] 提交: 📝 [2026-04-04 06:00] 未跟踪 1 个文件
[2026-04-04 06:00:02] 提交: 📝 [2026-04-04 06:00] 未跟踪 1 个文件
[master 4e7b087] 📝 [2026-04-04 06:00] 未跟踪 1 个文件
 2 files changed, 25 insertions(+)
 create mode 100644 scripts/cron/logs/collect-ideas-20260404.log
[master 4e7b087] 📝 [2026-04-04 06:00] 未跟踪 1 个文件
 2 files changed, 25 insertions(+)
 create mode 100644 scripts/cron/logs/collect-ideas-20260404.log
[2026-04-04 06:00:02] 推送到远程仓库...
[2026-04-04 06:00:02] 推送到远程仓库...
To github.com:OpenOriginBot/OpenOrigin.git
   1cdc763..4e7b087  master -> master
To github.com:OpenOriginBot/OpenOrigin.git
   1cdc763..4e7b087  master -> master
[2026-04-04 06:00:05] ========== 备份完成 ==========
[2026-04-04 06:00:05] ========== 备份完成 ==========
[2026-04-04 12:00:01] ========== 开始备份任务 ==========
[2026-04-04 12:00:01] ========== 开始备份任务 ==========
[2026-04-04 12:00:01] 暂存变更...
[2026-04-04 12:00:01] 暂存变更...
[2026-04-04 12:00:01] 提交: 📝 [2026-04-04 12:00] 未跟踪 2 个文件
[2026-04-04 12:00:01] 提交: 📝 [2026-04-04 12:00] 未跟踪 2 个文件
[master 26689d3] 📝 [2026-04-04 12:00] 未跟踪 2 个文件
 4 files changed, 117 insertions(+)
 create mode 100644 briefings/2026-04-04.md
 create mode 100644 memory/2026-04-04.md
[master 26689d3] 📝 [2026-04-04 12:00] 未跟踪 2 个文件
 4 files changed, 117 insertions(+)
 create mode 100644 briefings/2026-04-04.md
 create mode 100644 memory/2026-04-04.md
[2026-04-04 12:00:01] 推送到远程仓库...
[2026-04-04 12:00:01] 推送到远程仓库...
To github.com:OpenOriginBot/OpenOrigin.git
   4e7b087..26689d3  master -> master
To github.com:OpenOriginBot/OpenOrigin.git
   4e7b087..26689d3  master -> master
[2026-04-04 12:00:03] ========== 备份完成 ==========
[2026-04-04 12:00:03] ========== 备份完成 ==========
[2026-04-04 18:00:01] ========== 开始备份任务 ==========
[2026-04-04 18:00:01] ========== 开始备份任务 ==========
[2026-04-04 18:00:01] 暂存变更...
[2026-04-04 18:00:01] 暂存变更...
